// Jest Snapshot v1, https://goo.gl/fbAQLP

exports[`Component - Bookings Should Match SnapShot 1`] = `
<MemoryRouter>
  <Bookings />
</MemoryRouter>
`;
