// Jest Snapshot v1, https://goo.gl/fbAQLP

exports[`Component - DoctorAvatar Should Match SnapShot 1`] = `
<DoctorAvatar
  name="someName"
/>
`;
