// Jest Snapshot v1, https://goo.gl/fbAQLP

exports[`Component - Availabilities Should Match SnapShot 1`] = `<Availabilities />`;
